---
source: ashley/src/syntax/mod.rs
expression: "parse_source_text(r#\"\nvoid main() {\n}\n\nint test() {\n}\n\n// array types\nfloat[4] test3() {\n}\n\"#)"
---
MODULE@0..70
  WHITESPACE@0..1 "\n"
  FN_DEF@1..16
    TYPE_REF@1..5
      IDENT@1..5 "void"
    WHITESPACE@5..6 " "
    IDENT@6..10 "main"
    PARAM_LIST@10..12
      L_PAREN@10..11 "("
      R_PAREN@11..12 ")"
    WHITESPACE@12..13 " "
    BLOCK@13..16
      L_CURLY@13..14 "{"
      WHITESPACE@14..15 "\n"
      R_CURLY@15..16 "}"
  WHITESPACE@16..18 "\n\n"
  FN_DEF@18..32
    TYPE_REF@18..21
      IDENT@18..21 "int"
    WHITESPACE@21..22 " "
    IDENT@22..26 "test"
    PARAM_LIST@26..28
      L_PAREN@26..27 "("
      R_PAREN@27..28 ")"
    WHITESPACE@28..29 " "
    BLOCK@29..32
      L_CURLY@29..30 "{"
      WHITESPACE@30..31 "\n"
      R_CURLY@31..32 "}"
  WHITESPACE@32..34 "\n\n"
  LINE_COMMENT@34..48 "// array types"
  WHITESPACE@48..49 "\n"
  FN_DEF@49..69
    ARRAY_TYPE@49..57
      TYPE_REF@49..54
        IDENT@49..54 "float"
      L_BRACK@54..55 "["
      LIT_EXPR@55..56
        INT_NUMBER@55..56 "4"
      R_BRACK@56..57 "]"
    WHITESPACE@57..58 " "
    IDENT@58..63 "test3"
    PARAM_LIST@63..65
      L_PAREN@63..64 "("
      R_PAREN@64..65 ")"
    WHITESPACE@65..66 " "
    BLOCK@66..69
      L_CURLY@66..67 "{"
      WHITESPACE@67..68 "\n"
      R_CURLY@68..69 "}"
  WHITESPACE@69..70 "\n"

